<testsuites id="" name="" tests="20" failures="1" skipped="19" errors="0" time="2.968851">
<testsuite name="guest.live.spec.ts" timestamp="2026-02-13T02:03:39.756Z" hostname="chromium" tests="12" failures="1" skipped="11" time="1.499" errors="0">
<testcase name="Subscribe As Guest" classname="guest.live.spec.ts" time="1.499">
<failure message="guest.live.spec.ts:23:5 Subscribe As Guest" type="FAILURE">
<![CDATA[  [chromium] › guest.live.spec.ts:23:5 › Subscribe As Guest ────────────────────────────────────────

    Error: page.goto: net::ERR_CONNECTION_REFUSED at http://localhost:5173/?fp=6482fcbe-4117-4cb4-81a9-9d5cf15df341
    Call log:
      - navigating to "http://localhost:5173/?fp=6482fcbe-4117-4cb4-81a9-9d5cf15df341", waiting until "networkidle"


       at shared/clean.ts:22

      20 |   isMember?: boolean
      21 | }) {
    > 22 |   await page.goto(getURL({ isLive, isMember, fingerprint }), {
         |              ^
      23 |     waitUntil: "networkidle",
      24 |     timeout: 100000,
      25 |   })
        at clean (/Users/ibrahimvelinov/Documents/vex/packages/waffles/src/shared/clean.ts:22:14)
        at /Users/ibrahimvelinov/Documents/vex/packages/waffles/src/guest.live.spec.ts:24:14

    Error Context: ../test-results/guest.live-Subscribe-As-Guest-chromium/error-context.md
]]>
</failure>
<system-out>
<![CDATA[
[[ATTACHMENT|test-results/guest.live-Subscribe-As-Guest-chromium/error-context.md]]
]]>
</system-out>
</testcase>
<testcase name="Invite" classname="guest.live.spec.ts" time="0">
<skipped>
</skipped>
</testcase>
<testcase name="Gift" classname="guest.live.spec.ts" time="0">
<skipped>
</skipped>
</testcase>
<testcase name="Long text" classname="guest.live.spec.ts" time="0">
<skipped>
</skipped>
</testcase>
<testcase name="Chat" classname="guest.live.spec.ts" time="0">
<skipped>
</skipped>
</testcase>
<testcase name="Thread" classname="guest.live.spec.ts" time="0">
<skipped>
</skipped>
</testcase>
<testcase name="File upload" classname="guest.live.spec.ts" time="0">
<properties>
<property name="skip" value="">
</property>
</properties>
<skipped>
</skipped>
</testcase>
<testcase name="Create A Claude App" classname="guest.live.spec.ts" time="0">
<properties>
<property name="skip" value="">
</property>
</properties>
<skipped>
</skipped>
</testcase>
<testcase name="Create A Sushi App" classname="guest.live.spec.ts" time="0">
<skipped>
</skipped>
</testcase>
<testcase name="Chat - Hourly Limit Test" classname="guest.live.spec.ts" time="0">
<skipped>
</skipped>
</testcase>
<testcase name="Debate" classname="guest.live.spec.ts" time="0">
<skipped>
</skipped>
</testcase>
<testcase name="Collaboration" classname="guest.live.spec.ts" time="0">
<skipped>
</skipped>
</testcase>
</testsuite>
<testsuite name="member.live.spec.ts" timestamp="2026-02-13T02:03:39.756Z" hostname="chromium" tests="6" failures="0" skipped="6" time="0" errors="0">
<testcase name="Subscribe As Member" classname="member.live.spec.ts" time="0">
<skipped>
</skipped>
</testcase>
<testcase name="Invite" classname="member.live.spec.ts" time="0">
<skipped>
</skipped>
</testcase>
<testcase name="Gift" classname="member.live.spec.ts" time="0">
<skipped>
</skipped>
</testcase>
<testcase name="App" classname="member.live.spec.ts" time="0">
<skipped>
</skipped>
</testcase>
<testcase name="Grape" classname="member.live.spec.ts" time="0">
<skipped>
</skipped>
</testcase>
<testcase name="Retro" classname="member.live.spec.ts" time="0">
<properties>
<property name="skip" value="">
</property>
</properties>
<skipped>
</skipped>
</testcase>
</testsuite>
<testsuite name="simple-guest-chat.spec.ts" timestamp="2026-02-13T02:03:39.756Z" hostname="chromium" tests="1" failures="0" skipped="1" time="0" errors="0">
<testcase name="guest chat flow: send message, bookmark, edit, delete" classname="simple-guest-chat.spec.ts" time="0">
<skipped>
</skipped>
</testcase>
</testsuite>
<testsuite name="validation.live.spec.ts" timestamp="2026-02-13T02:03:39.756Z" hostname="chromium" tests="1" failures="0" skipped="1" time="0" errors="0">
<testcase name="App Creation Validation" classname="validation.live.spec.ts" time="0">
<properties>
<property name="skip" value="">
</property>
</properties>
<skipped>
</skipped>
</testcase>
</testsuite>
</testsuites>